<?xml version="1.0" encoding="UTF-8"?>
<dataset>
    <PERSON id='1' role_id='1' first_name='alisa' last_name='govtva' login='alisa2016' dob='2016-06-30 00:00:00' password='secretpassword11' email='alisa@gmail.com'/>
</dataset>